mvn : WARNING: A terminally 
deprecated method in 
sun.misc.Unsafe has been 
called
At line:1 char:1
+ mvn clean package 
-DskipTests > 
build_output.txt 2>&1
+ ~~~~~~~~~~~~~~~~~~~~~~~~~~~
~~~~~~~~~~~~~~~~~~~~~~~~~~
    + CategoryInfo           
   : NotSpecified: (WARNING  
  : A term...has been call   
 ed:String) [], RemoteExc    
eption
    + FullyQualifiedErrorId  
   : NativeCommandError
 
WARNING: sun.misc.Unsafe::sta
ticFieldBase has been called 
by com.google.inject.internal
.aop.HiddenClassDefiner (file
:/C:/Program%20Files/apache-m
aven-3.9.11/lib/guice-5.1.0-c
lasses.jar)
WARNING: Please consider 
reporting this to the 
maintainers of class com.goog
le.inject.internal.aop.Hidden
ClassDefiner
WARNING: sun.misc.Unsafe::sta
ticFieldBase will be removed 
in a future release
[INFO] Scanning for projects...
[INFO] 
[INFO] ----------------------< com.jobportal:jobportal >-----------------------
[INFO] Building jobportal 0.0.1-SNAPSHOT
[INFO]   from pom.xml
[INFO] --------------------------------[ jar ]---------------------------------
[INFO] 
[INFO] --- clean:3.3.2:clean (default-clean) @ jobportal ---
[INFO] Deleting E:\Job Portal With AntiGravity\target
[INFO] 
[INFO] --- resources:3.3.1:resources (default-resources) @ jobportal ---
[INFO] Copying 1 resource from src\main\resources to target\classes
[INFO] Copying 0 resource from src\main\resources to target\classes
[INFO] 
[INFO] --- compiler:3.11.0:compile (default-compile) @ jobportal ---
[INFO] Changes detected - recompiling the module! :source
[INFO] Compiling 4 source files with javac [debug release 17] to target\classes
[INFO] 
[INFO] --- resources:3.3.1:testResources (default-testResources) @ jobportal ---
[INFO] Copying 0 resource from src\test\resources to target\test-classes
[INFO] 
[INFO] --- compiler:3.11.0:testCompile (default-testCompile) @ jobportal ---
[INFO] Changes detected - recompiling the module! :dependency
[INFO] 
[INFO] --- surefire:3.1.2:test (default-test) @ jobportal ---
[INFO] Tests are skipped.
[INFO] 
[INFO] --- jar:3.3.0:jar (default-jar) @ jobportal ---
[INFO] Building jar: E:\Job Portal With AntiGravity\target\jobportal-0.0.1-SNAPSHOT.jar
[INFO] 
[INFO] --- spring-boot:3.2.3:repackage (repackage) @ jobportal ---
[INFO] ------------------------------------------------------------------------
[INFO] BUILD FAILURE
[INFO] ------------------------------------------------------------------------
[INFO] Total time:  3.151 s
[INFO] Finished at: 2026-02-23T17:04:01+05:30
[INFO] ------------------------------------------------------------------------
[ERROR] Failed to execute goal org.springframework.boot:spring-boot-maven-plugin:3.2.3:repackage (repackage) on project jobportal: Execution repackage of goal org.springframework.boot:spring-boot-maven-plugin:3.2.3:repackage failed: Unable to find main class -> [Help 1]
[ERROR] 
[ERROR] To see the full stack trace of the errors, re-run Maven with the -e switch.
[ERROR] Re-run Maven using the -X switch to enable full debug logging.
[ERROR] 
[ERROR] For more information about the errors and possible solutions, please read the following articles:
[ERROR] [Help 1] http://cwiki.apache.org/confluence/display/MAVEN/PluginExecutionException
